node.exe : npm warn Unknown cli config "--coverage". This will stop working in 
the next major version of npm.
At C:\Program Files\nodejs\npm.ps1:29 char:3
+   & $NODE_EXE $NPM_CLI_JS $args
+   ~~~~~~~~~~~~~~~~~~~~~~~~~~~~~
    + CategoryInfo          : NotSpecified: (npm warn Unknow...version of npm. 
   :String) [], RemoteException
    + FullyQualifiedErrorId : NativeCommandError
 

> test
> jest tests/unit

PASS tests/unit/utils/visibility.test.ts
  ΓùÅ Console

    console.log
      [dotenv@17.3.1] injecting env (7) from .env.local -- tip: ≡ƒ¢á∩╕Å  run 
anywhere with `dotenvx run -- yourcommand`

      at _log (node_modules/dotenv/lib/main.js:139:11)

PASS tests/unit/models/validation.test.ts
  ΓùÅ Console

    console.log
      [dotenv@17.3.1] injecting env (7) from .env.local -- tip: ΓÜÖ∩╕Å  
suppress all logs with { quiet: true }

      at _log (node_modules/dotenv/lib/main.js:139:11)

PASS tests/unit/utils/errors.test.ts
  ΓùÅ Console

    console.log
      [dotenv@17.3.1] injecting env (7) from .env.local -- tip: ≡ƒ¢á∩╕Å  run 
anywhere with `dotenvx run -- yourcommand`

      at _log (node_modules/dotenv/lib/main.js:139:11)

PASS tests/unit/utils/apiHelper.test.ts
  ΓùÅ Console

    console.log
      [dotenv@17.3.1] injecting env (7) from .env.local -- tip: ≡ƒöÉ prevent 
building .env in docker: https://dotenvx.com/prebuild

      at _log (node_modules/dotenv/lib/main.js:139:11)

PASS tests/unit/utils/taskCode.test.ts
  ΓùÅ Console

    console.log
      [dotenv@17.3.1] injecting env (7) from .env.local -- tip: ΓÜÖ∩╕Å  write 
to custom object with { processEnv: myObject }

      at _log (node_modules/dotenv/lib/main.js:139:11)

FAIL tests/unit/auth/auth.test.ts
  ΓùÅ Console

    console.log
      [dotenv@17.3.1] injecting env (7) from .env.local -- tip: ΓÜÖ∩╕Å  load 
multiple .env files with { path: ['.env.local', '.env'] }

      at _log (node_modules/dotenv/lib/main.js:139:11)

  ΓùÅ JWT Authentication (lib/auth.ts) ΓÇ║ Token Security ΓÇ║ should not 
expose password in token

    expect(received).not.toContain(expected) // indexOf

    Expected value: not "passwordHash"
    Received array:     ["_id", "email", "name", "role", "passwordHash", 
"secret", "iat", "exp"]

    [0m [90m 148 |[39m
     [90m 149 |[39m       [90m// Password fields should not be in token 
even if someone tries[39m
    [31m[1m>[22m[39m[90m 150 |[39m       expect([33mObject[39m[33m.[3
9mkeys(decoded))[33m.[39mnot[33m.[39mtoContain([32m'passwordHash'[39m)[3
3m;[39m
     [90m     |[39m                                        
[31m[1m^[22m[39m
     [90m 151 |[39m     })[33m;[39m
     [90m 152 |[39m   })[33m;[39m
     [90m 153 |[39m[0m

      at Object.toContain (tests/unit/auth/auth.test.ts:150:40)

  ΓùÅ JWT Authentication (lib/auth.ts) ΓÇ║ Token Expiry Edge Cases ΓÇ║ should 
reject token expiring exactly now

    Bad "options.expiresIn" option the payload already has an "exp" property.

    [0m [90m 38 |[39m   payload[33m:[39m 
[33mOmit[39m[33m<[39m[33mJWTPayload[39m[33m,[39m [32m'iat'[39m 
[33m|[39m [32m'exp'[39m[33m>[39m
     [90m 39 |[39m )[33m:[39m string {
    [31m[1m>[22m[39m[90m 40 |[39m   [36mreturn[39m 
jwt[33m.[39msign(payload[33m,[39m [33mJWT_SECRET[39m[33m,[39m {
     [90m    |[39m              [31m[1m^[22m[39m
     [90m 41 |[39m     expiresIn[33m:[39m 
[33mJWT_EXPIRES_IN[39m[33m,[39m
     [90m 42 |[39m   } [36mas[39m 
jwt[33m.[39m[33mSignOptions[39m)[33m;[39m
     [90m 43 |[39m }[0m

      at Object.module.exports [as sign] 
(node_modules/jsonwebtoken/sign.js:163:20)
      at sign (src/lib/auth.ts:40:14)
      at Object.<anonymous> (tests/unit/auth/auth.test.ts:161:30)

  ΓùÅ JWT Authentication (lib/auth.ts) ΓÇ║ Token Expiry Edge Cases ΓÇ║ should 
accept token valid for future date

    Bad "options.expiresIn" option the payload already has an "exp" property.

    [0m [90m 38 |[39m   payload[33m:[39m 
[33mOmit[39m[33m<[39m[33mJWTPayload[39m[33m,[39m [32m'iat'[39m 
[33m|[39m [32m'exp'[39m[33m>[39m
     [90m 39 |[39m )[33m:[39m string {
    [31m[1m>[22m[39m[90m 40 |[39m   [36mreturn[39m 
jwt[33m.[39msign(payload[33m,[39m [33mJWT_SECRET[39m[33m,[39m {
     [90m    |[39m              [31m[1m^[22m[39m
     [90m 41 |[39m     expiresIn[33m:[39m 
[33mJWT_EXPIRES_IN[39m[33m,[39m
     [90m 42 |[39m   } [36mas[39m 
jwt[33m.[39m[33mSignOptions[39m)[33m;[39m
     [90m 43 |[39m }[0m

      at Object.module.exports [as sign] 
(node_modules/jsonwebtoken/sign.js:163:20)
      at sign (src/lib/auth.ts:40:14)
      at Object.<anonymous> (tests/unit/auth/auth.test.ts:173:30)

FAIL tests/unit/utils/transitionGuard.test.ts
  ΓùÅ Console

    console.log
      [dotenv@17.3.1] injecting env (7) from .env.local -- tip: ≡ƒöÉ prevent 
building .env in docker: https://dotenvx.com/prebuild

      at _log (node_modules/dotenv/lib/main.js:139:11)

  ΓùÅ State Machine Transition Guard (lib/transitionGuard.ts) ΓÇ║ REPORTED ΓåÆ 
UNDER_REVIEW Transition ΓÇ║ should not allow USER to move REPORTED to 
UNDER_REVIEW

    expect(received).toThrow()

    Received function did not throw

    [0m [90m 41 |[39m       [36mconst[39m user [33m=[39m 
mockUser([32m'USER'[39m)[33m;[39m
     [90m 42 |[39m
    [31m[1m>[22m[39m[90m 43 |[39m       expect(() [33m=>[39m 
validateTransition(task[33m,[39m [32m'UNDER_REVIEW'[39m[33m,[39m 
user[33m,[39m {}))[33m.[39mtoThrow()[33m;[39m
     [90m    |[39m                                                           
             [31m[1m^[22m[39m
     [90m 44 |[39m     })[33m;[39m
     [90m 45 |[39m
     [90m 46 |[39m     it([32m'should not allow TECHNICIAN to move REPORTED 
to UNDER_REVIEW'[39m[33m,[39m () [33m=>[39m {[0m

      at Object.toThrow (tests/unit/utils/transitionGuard.test.ts:43:72)

  ΓùÅ State Machine Transition Guard (lib/transitionGuard.ts) ΓÇ║ REPORTED ΓåÆ 
UNDER_REVIEW Transition ΓÇ║ should not allow USER to move REPORTED to 
UNDER_REVIEW

    ForbiddenError: Role 'USER' cannot perform transition: 
REPORTEDΓåÆUNDER_REVIEW

    [0m [90m 84 |[39m   [90m// ΓöÇΓöÇ 2. Check actor role is allowed ΓöÇΓöÇ
ΓöÇΓöÇΓöÇΓöÇΓöÇΓöÇΓöÇΓöÇΓöÇΓöÇΓöÇΓöÇΓöÇΓöÇΓöÇΓöÇΓöÇΓöÇΓöÇΓöÇΓöÇΓöÇΓöÇΓöÇΓöÇΓöÇΓ
öÇΓöÇΓöÇΓöÇΓöÇΓöÇΓöÇΓöÇΓöÇΓöÇ[39m
     [90m 85 |[39m   [36mif[39m 
([33m![39mallowedRoles[33m.[39mincludes(actor[33m.[39mrole)) {
    [31m[1m>[22m[39m[90m 86 |[39m     [36mthrow[39m [36mnew[39m 
[33mForbiddenError[39m(
     [90m    |[39m           [31m[1m^[22m[39m
     [90m 87 |[39m       [32m`Role '${actor.role}' cannot perform 
transition: ${key}`[39m
     [90m 88 |[39m     )[33m;[39m
     [90m 89 |[39m   }[0m

      at validateTransition (src/lib/transitionGuard.ts:86:11)
      at tests/unit/utils/transitionGuard.test.ts:43:38
      at Object.<anonymous> (node_modules/expect/build/index.js:1824:9)
      at Object.throwingMatcher [as toThrow] 
(node_modules/expect/build/index.js:2235:93)
      at Object.toThrow (tests/unit/utils/transitionGuard.test.ts:43:72)

  ΓùÅ State Machine Transition Guard (lib/transitionGuard.ts) ΓÇ║ REPORTED ΓåÆ 
UNDER_REVIEW Transition ΓÇ║ should not allow TECHNICIAN to move REPORTED to 
UNDER_REVIEW

    expect(received).toThrow()

    Received function did not throw

    [0m [90m 48 |[39m       [36mconst[39m user [33m=[39m 
mockUser([32m'TECHNICIAN'[39m)[33m;[39m
     [90m 49 |[39m
    [31m[1m>[22m[39m[90m 50 |[39m       expect(() [33m=>[39m 
validateTransition(task[33m,[39m [32m'UNDER_REVIEW'[39m[33m,[39m 
user[33m,[39m {}))[33m.[39mtoThrow()[33m;[39m
     [90m    |[39m                                                           
             [31m[1m^[22m[39m
     [90m 51 |[39m     })[33m;[39m
     [90m 52 |[39m   })[33m;[39m
     [90m 53 |[39m[0m

      at Object.toThrow (tests/unit/utils/transitionGuard.test.ts:50:72)

  ΓùÅ State Machine Transition Guard (lib/transitionGuard.ts) ΓÇ║ REPORTED ΓåÆ 
UNDER_REVIEW Transition ΓÇ║ should not allow TECHNICIAN to move REPORTED to 
UNDER_REVIEW

    ForbiddenError: Role 'TECHNICIAN' cannot perform transition: 
REPORTEDΓåÆUNDER_REVIEW

    [0m [90m 84 |[39m   [90m// ΓöÇΓöÇ 2. Check actor role is allowed ΓöÇΓöÇ
ΓöÇΓöÇΓöÇΓöÇΓöÇΓöÇΓöÇΓöÇΓöÇΓöÇΓöÇΓöÇΓöÇΓöÇΓöÇΓöÇΓöÇΓöÇΓöÇΓöÇΓöÇΓöÇΓöÇΓöÇΓöÇΓöÇΓ
öÇΓöÇΓöÇΓöÇΓöÇΓöÇΓöÇΓöÇΓöÇΓöÇ[39m
     [90m 85 |[39m   [36mif[39m 
([33m![39mallowedRoles[33m.[39mincludes(actor[33m.[39mrole)) {
    [31m[1m>[22m[39m[90m 86 |[39m     [36mthrow[39m [36mnew[39m 
[33mForbiddenError[39m(
     [90m    |[39m           [31m[1m^[22m[39m
     [90m 87 |[39m       [32m`Role '${actor.role}' cannot perform 
transition: ${key}`[39m
     [90m 88 |[39m     )[33m;[39m
     [90m 89 |[39m   }[0m

      at validateTransition (src/lib/transitionGuard.ts:86:11)
      at tests/unit/utils/transitionGuard.test.ts:50:38
      at Object.<anonymous> (node_modules/expect/build/index.js:1824:9)
      at Object.throwingMatcher [as toThrow] 
(node_modules/expect/build/index.js:2235:93)
      at Object.toThrow (tests/unit/utils/transitionGuard.test.ts:50:72)

  ΓùÅ State Machine Transition Guard (lib/transitionGuard.ts) ΓÇ║ UNDER_REVIEW 
ΓåÆ ASSIGNED Transition ΓÇ║ should only allow MANAGER/SENIOR_MANAGER

    expect(received).toThrow()

    Received function did not throw

    [0m [90m 63 |[39m
     [90m 64 |[39m       [90m// Not allowed[39m
    [31m[1m>[22m[39m[90m 65 |[39m       expect(() [33m=>[39m 
validateTransition(task[33m,[39m [32m'ASSIGNED'[39m[33m,[39m 
mockUser([32m'USER'[39m)[33m,[39m {}))[33m.[39mtoThrow()[33m;[39m
     [90m    |[39m                                                           
                     [31m[1m^[22m[39m
     [90m 66 |[39m       expect(() [33m=>[39m 
validateTransition(task[33m,[39m [32m'ASSIGNED'[39m[33m,[39m 
mockUser([32m'TECHNICIAN'[39m)[33m,[39m {}))[33m.[39mtoThrow()[33m;[39m
     [90m 67 |[39m     })[33m;[39m
     [90m 68 |[39m[0m

      at Object.toThrow (tests/unit/utils/transitionGuard.test.ts:65:80)

  ΓùÅ State Machine Transition Guard (lib/transitionGuard.ts) ΓÇ║ UNDER_REVIEW 
ΓåÆ ASSIGNED Transition ΓÇ║ should only allow MANAGER/SENIOR_MANAGER

    ValidationError: assignedTo is required for task assignment

    [0m [90m 127 |[39m   [36mif[39m (key [33m===[39m 
[32m'UNDER_REVIEWΓåÆASSIGNED'[39m [33m||[39m key [33m===[39m 
[32m'REOPENEDΓåÆASSIGNED'[39m) {
     [90m 128 |[39m     [36mif[39m 
([33m![39mctx[33m.[39massignedTo[33m?[39m[33m.[39mtrim()) {
    [31m[1m>[22m[39m[90m 129 |[39m       [36mthrow[39m [36mnew[39m 
[33mValidationError[39m([32m'assignedTo is required for task 
assignment'[39m)[33m;[39m
     [90m     |[39m             [31m[1m^[22m[39m
     [90m 130 |[39m     }
     [90m 131 |[39m
     [90m 132 |[39m     [36mconst[39m tech [33m=[39m [36mawait[39m 
[33mUser[39m[33m.[39mfindById(ctx[33m.[39massignedTo)[0m

      at validateTransition (src/lib/transitionGuard.ts:129:13)
      at tests/unit/utils/transitionGuard.test.ts:59:38
      at Object.<anonymous> (node_modules/expect/build/index.js:1824:9)
      at Object.throwingMatcher [as toThrow] 
(node_modules/expect/build/index.js:2235:93)
      at Object.toThrow (tests/unit/utils/transitionGuard.test.ts:59:87)

  ΓùÅ State Machine Transition Guard (lib/transitionGuard.ts) ΓÇ║ UNDER_REVIEW 
ΓåÆ ASSIGNED Transition ΓÇ║ should only allow MANAGER/SENIOR_MANAGER

    ValidationError: assignedTo is required for task assignment

    [0m [90m 127 |[39m   [36mif[39m (key [33m===[39m 
[32m'UNDER_REVIEWΓåÆASSIGNED'[39m [33m||[39m key [33m===[39m 
[32m'REOPENEDΓåÆASSIGNED'[39m) {
     [90m 128 |[39m     [36mif[39m 
([33m![39mctx[33m.[39massignedTo[33m?[39m[33m.[39mtrim()) {
    [31m[1m>[22m[39m[90m 129 |[39m       [36mthrow[39m [36mnew[39m 
[33mValidationError[39m([32m'assignedTo is required for task 
assignment'[39m)[33m;[39m
     [90m     |[39m             [31m[1m^[22m[39m
     [90m 130 |[39m     }
     [90m 131 |[39m
     [90m 132 |[39m     [36mconst[39m tech [33m=[39m [36mawait[39m 
[33mUser[39m[33m.[39mfindById(ctx[33m.[39massignedTo)[0m

      at validateTransition (src/lib/transitionGuard.ts:129:13)
      at tests/unit/utils/transitionGuard.test.ts:61:27
      at Object.<anonymous> (node_modules/expect/build/index.js:1824:9)
      at Object.throwingMatcher [as toThrow] 
(node_modules/expect/build/index.js:2235:93)
      at Object.toThrow (tests/unit/utils/transitionGuard.test.ts:62:13)

  ΓùÅ State Machine Transition Guard (lib/transitionGuard.ts) ΓÇ║ UNDER_REVIEW 
ΓåÆ ASSIGNED Transition ΓÇ║ should only allow MANAGER/SENIOR_MANAGER

    ForbiddenError: Role 'USER' cannot perform transition: 
UNDER_REVIEWΓåÆASSIGNED

    [0m [90m 84 |[39m   [90m// ΓöÇΓöÇ 2. Check actor role is allowed ΓöÇΓöÇ
ΓöÇΓöÇΓöÇΓöÇΓöÇΓöÇΓöÇΓöÇΓöÇΓöÇΓöÇΓöÇΓöÇΓöÇΓöÇΓöÇΓöÇΓöÇΓöÇΓöÇΓöÇΓöÇΓöÇΓöÇΓöÇΓöÇΓ
öÇΓöÇΓöÇΓöÇΓöÇΓöÇΓöÇΓöÇΓöÇΓöÇ[39m
     [90m 85 |[39m   [36mif[39m 
([33m![39mallowedRoles[33m.[39mincludes(actor[33m.[39mrole)) {
    [31m[1m>[22m[39m[90m 86 |[39m     [36mthrow[39m [36mnew[39m 
[33mForbiddenError[39m(
     [90m    |[39m           [31m[1m^[22m[39m
     [90m 87 |[39m       [32m`Role '${actor.role}' cannot perform 
transition: ${key}`[39m
     [90m 88 |[39m     )[33m;[39m
     [90m 89 |[39m   }[0m

      at validateTransition (src/lib/transitionGuard.ts:86:11)
      at tests/unit/utils/transitionGuard.test.ts:65:38
      at Object.<anonymous> (node_modules/expect/build/index.js:1824:9)
      at Object.throwingMatcher [as toThrow] 
(node_modules/expect/build/index.js:2235:93)
      at Object.toThrow (tests/unit/utils/transitionGuard.test.ts:65:80)

  ΓùÅ State Machine Transition Guard (lib/transitionGuard.ts) ΓÇ║ UNDER_REVIEW 
ΓåÆ ASSIGNED Transition ΓÇ║ should require assignedTo context

    ValidationError: assignedTo is required for task assignment

    [0m [90m 127 |[39m   [36mif[39m (key [33m===[39m 
[32m'UNDER_REVIEWΓåÆASSIGNED'[39m [33m||[39m key [33m===[39m 
[32m'REOPENEDΓåÆASSIGNED'[39m) {
     [90m 128 |[39m     [36mif[39m 
([33m![39mctx[33m.[39massignedTo[33m?[39m[33m.[39mtrim()) {
    [31m[1m>[22m[39m[90m 129 |[39m       [36mthrow[39m [36mnew[39m 
[33mValidationError[39m([32m'assignedTo is required for task 
assignment'[39m)[33m;[39m
     [90m     |[39m             [31m[1m^[22m[39m
     [90m 130 |[39m     }
     [90m 131 |[39m
     [90m 132 |[39m     [36mconst[39m tech [33m=[39m [36mawait[39m 
[33mUser[39m[33m.[39mfindById(ctx[33m.[39massignedTo)[0m

      at validateTransition (src/lib/transitionGuard.ts:129:13)
      at tests/unit/utils/transitionGuard.test.ts:74:38
      at Object.<anonymous> (node_modules/expect/build/index.js:1824:9)
      at Object.throwingMatcher [as toThrow] 
(node_modules/expect/build/index.js:2235:93)
      at Object.toThrow (tests/unit/utils/transitionGuard.test.ts:74:72)

  ΓùÅ State Machine Transition Guard (lib/transitionGuard.ts) ΓÇ║ ASSIGNED ΓåÆ 
IN_PROGRESS Transition ΓÇ║ should prevent other technicians from picking up 
task

    expect(received).toThrow()

    Received function did not throw

    [0m [90m 92 |[39m       [36mconst[39m differentTech [33m=[39m 
mockUser([32m'TECHNICIAN'[39m[33m,[39m 
[32m'607f1f77bcf86cd799439013'[39m)[33m;[39m
     [90m 93 |[39m
    [31m[1m>[22m[39m[90m 94 |[39m       expect(() [33m=>[39m 
validateTransition(task[33m,[39m [32m'IN_PROGRESS'[39m[33m,[39m 
differentTech[33m,[39m {}))[33m.[39mtoThrow()[33m;[39m
     [90m    |[39m                                                           
                     [31m[1m^[22m[39m
     [90m 95 |[39m     })[33m;[39m
     [90m 96 |[39m
     [90m 97 |[39m     it([32m'should prevent non-technician from 
transitioning'[39m[33m,[39m () [33m=>[39m {[0m

      at Object.toThrow (tests/unit/utils/transitionGuard.test.ts:94:80)

  ΓùÅ State Machine Transition Guard (lib/transitionGuard.ts) ΓÇ║ ASSIGNED ΓåÆ 
IN_PROGRESS Transition ΓÇ║ should prevent other technicians from picking up 
task

    ForbiddenError: Only the assigned technician can perform this action

    [0m [90m 93 |[39m     [36mconst[39m assignedId [33m=[39m 
task[33m.[39massignedTo[33m?[39m[33m.[39mtoString()[33m;[39m
     [90m 94 |[39m     [36mif[39m ([33m![39massignedId [33m||[39m 
assignedId [33m!==[39m actor[33m.[39m_id) {
    [31m[1m>[22m[39m[90m 95 |[39m       [36mthrow[39m [36mnew[39m 
[33mForbiddenError[39m(
     [90m    |[39m             [31m[1m^[22m[39m
     [90m 96 |[39m         [32m'Only the assigned technician can perform 
this action'[39m
     [90m 97 |[39m       )[33m;[39m
     [90m 98 |[39m     }[0m

      at validateTransition (src/lib/transitionGuard.ts:95:13)
      at tests/unit/utils/transitionGuard.test.ts:94:38
      at Object.<anonymous> (node_modules/expect/build/index.js:1824:9)
      at Object.throwingMatcher [as toThrow] 
(node_modules/expect/build/index.js:2235:93)
      at Object.toThrow (tests/unit/utils/transitionGuard.test.ts:94:80)

  ΓùÅ State Machine Transition Guard (lib/transitionGuard.ts) ΓÇ║ ASSIGNED ΓåÆ 
IN_PROGRESS Transition ΓÇ║ should prevent non-technician from transitioning

    expect(received).toThrow()

    Received function did not throw

    [0m [90m 102 |[39m       [36mconst[39m manager [33m=[39m 
mockUser([32m'MANAGER'[39m)[33m;[39m
     [90m 103 |[39m
    [31m[1m>[22m[39m[90m 104 |[39m       expect(() [33m=>[39m 
validateTransition(task[33m,[39m [32m'IN_PROGRESS'[39m[33m,[39m 
manager[33m,[39m {}))[33m.[39mtoThrow()[33m;[39m
     [90m     |[39m                                                          
                [31m[1m^[22m[39m
     [90m 105 |[39m     })[33m;[39m
     [90m 106 |[39m   })[33m;[39m
     [90m 107 |[39m[0m

      at Object.toThrow (tests/unit/utils/transitionGuard.test.ts:104:74)

  ΓùÅ State Machine Transition Guard (lib/transitionGuard.ts) ΓÇ║ ASSIGNED ΓåÆ 
IN_PROGRESS Transition ΓÇ║ should prevent non-technician from transitioning

    ForbiddenError: Role 'MANAGER' cannot perform transition: 
ASSIGNEDΓåÆIN_PROGRESS

    [0m [90m 84 |[39m   [90m// ΓöÇΓöÇ 2. Check actor role is allowed ΓöÇΓöÇ
ΓöÇΓöÇΓöÇΓöÇΓöÇΓöÇΓöÇΓöÇΓöÇΓöÇΓöÇΓöÇΓöÇΓöÇΓöÇΓöÇΓöÇΓöÇΓöÇΓöÇΓöÇΓöÇΓöÇΓöÇΓöÇΓöÇΓ
öÇΓöÇΓöÇΓöÇΓöÇΓöÇΓöÇΓöÇΓöÇΓöÇ[39m
     [90m 85 |[39m   [36mif[39m 
([33m![39mallowedRoles[33m.[39mincludes(actor[33m.[39mrole)) {
    [31m[1m>[22m[39m[90m 86 |[39m     [36mthrow[39m [36mnew[39m 
[33mForbiddenError[39m(
     [90m    |[39m           [31m[1m^[22m[39m
     [90m 87 |[39m       [32m`Role '${actor.role}' cannot perform 
transition: ${key}`[39m
     [90m 88 |[39m     )[33m;[39m
     [90m 89 |[39m   }[0m

      at validateTransition (src/lib/transitionGuard.ts:86:11)
      at tests/unit/utils/transitionGuard.test.ts:104:38
      at Object.<anonymous> (node_modules/expect/build/index.js:1824:9)
      at Object.throwingMatcher [as toThrow] 
(node_modules/expect/build/index.js:2235:93)
      at Object.toThrow (tests/unit/utils/transitionGuard.test.ts:104:74)

  ΓùÅ State Machine Transition Guard (lib/transitionGuard.ts) ΓÇ║ IN_PROGRESS 
ΓåÆ MATERIAL_REQUESTED Transition ΓÇ║ should prevent duplicate material 
requests

    expect(received).toThrow()

    Received function did not throw

    [0m [90m 126 |[39m       [36mconst[39m tech [33m=[39m 
mockUser([32m'TECHNICIAN'[39m[33m,[39m 
[32m'507f1f77bcf86cd799439012'[39m)[33m;[39m
     [90m 127 |[39m
    [31m[1m>[22m[39m[90m 128 |[39m       expect(() [33m=>[39m 
validateTransition(task[33m,[39m [32m'MATERIAL_REQUESTED'[39m[33m,[39m 
tech[33m,[39m {}))[33m.[39mtoThrow()[33m;[39m
     [90m     |[39m                                                          
                    [31m[1m^[22m[39m
     [90m 129 |[39m     })[33m;[39m
     [90m 130 |[39m   })[33m;[39m
     [90m 131 |[39m[0m

      at Object.toThrow (tests/unit/utils/transitionGuard.test.ts:128:78)

  ΓùÅ State Machine Transition Guard (lib/transitionGuard.ts) ΓÇ║ 
MATERIAL_REQUESTED ΓåÆ IN_PROGRESS/ESCALATED Transitions ΓÇ║ should 
auto-escalate on 3rd material rejection

    InvalidTransitionError: Invalid state transition: MATERIAL_REQUESTED ΓåÆ 
ESCALATED

    [0m [90m 79 |[39m   [36mconst[39m allowedRoles [33m=[39m 
[33mVALID_TRANSITIONS[39m[key][33m;[39m
     [90m 80 |[39m   [36mif[39m ([33m![39mallowedRoles) {
    [31m[1m>[22m[39m[90m 81 |[39m     [36mthrow[39m [36mnew[39m 
[33mInvalidTransitionError[39m(task[33m.[39mstatus[33m,[39m 
nextStatus)[33m;[39m
     [90m    |[39m           [31m[1m^[22m[39m
     [90m 82 |[39m   }
     [90m 83 |[39m
     [90m 84 |[39m   [90m// ΓöÇΓöÇ 2. Check actor role is allowed ΓöÇΓöÇΓöÇΓ
öÇΓöÇΓöÇΓöÇΓöÇΓöÇΓöÇΓöÇΓöÇΓöÇΓöÇΓöÇΓöÇΓöÇΓöÇΓöÇΓöÇΓöÇΓöÇΓöÇΓöÇΓöÇΓöÇΓöÇΓöÇΓöÇΓö
ÇΓöÇΓöÇΓöÇΓöÇΓöÇΓöÇΓöÇΓöÇ[39m[0m

      at validateTransition (src/lib/transitionGuard.ts:81:11)
      at tests/unit/utils/transitionGuard.test.ts:147:38
      at Object.<anonymous> (node_modules/expect/build/index.js:1824:9)
      at Object.throwingMatcher [as toThrow] 
(node_modules/expect/build/index.js:2235:93)
      at Object.toThrow (tests/unit/utils/transitionGuard.test.ts:147:76)

  ΓùÅ State Machine Transition Guard (lib/transitionGuard.ts) ΓÇ║ COMPLETED 
ΓåÆ CONFIRMED/REOPENED Transitions ΓÇ║ should allow MANAGER to reopen 
completed task

    ValidationError: reopenReason is required to reopen a task

    [0m [90m 120 |[39m   [36mif[39m (key [33m===[39m 
[32m'COMPLETEDΓåÆREOPENED'[39m) {
     [90m 121 |[39m     [36mif[39m 
([33m![39mctx[33m.[39mreopenReason[33m?[39m[33m.[39mtrim()) {
    [31m[1m>[22m[39m[90m 122 |[39m       [36mthrow[39m [36mnew[39m 
[33mValidationError[39m([32m'reopenReason is required to reopen a 
task'[39m)[33m;[39m
     [90m     |[39m             [31m[1m^[22m[39m
     [90m 123 |[39m     }
     [90m 124 |[39m   }
     [90m 125 |[39m[0m

      at validateTransition (src/lib/transitionGuard.ts:122:13)
      at tests/unit/utils/transitionGuard.test.ts:163:38
      at Object.<anonymous> (node_modules/expect/build/index.js:1824:9)
      at Object.throwingMatcher [as toThrow] 
(node_modules/expect/build/index.js:2235:93)
      at Object.toThrow (tests/unit/utils/transitionGuard.test.ts:163:75)

  ΓùÅ State Machine Transition Guard (lib/transitionGuard.ts) ΓÇ║ COMPLETED 
ΓåÆ CONFIRMED/REOPENED Transitions ΓÇ║ should prevent self-confirmation by 
reporter (if other managers exist)

    expect(received).toThrow()

    Received function did not throw

    [0m [90m 175 |[39m       [36mconst[39m ctx [33m=[39m { 
otherManagersExist[33m:[39m [36mtrue[39m }[33m;[39m
     [90m 176 |[39m
    [31m[1m>[22m[39m[90m 177 |[39m       expect(() [33m=>[39m 
validateTransition(task[33m,[39m [32m'CONFIRMED'[39m[33m,[39m 
reportingManager))[33m.[39mtoThrow()[33m;[39m
     [90m     |[39m                                                          
                   [31m[1m^[22m[39m
     [90m 178 |[39m     })[33m;[39m
     [90m 179 |[39m   })[33m;[39m
     [90m 180 |[39m[0m

      at Object.toThrow (tests/unit/utils/transitionGuard.test.ts:177:77)

  ΓùÅ State Machine Transition Guard (lib/transitionGuard.ts) ΓÇ║ ESCALATED 
Task Resolution ΓÇ║ should prevent last-rejecter from resolving escalation

    expect(received).toThrow()

    Received function did not throw

    [0m [90m 190 |[39m       expect(() [33m=>[39m
     [90m 191 |[39m         validateTransition(task[33m,[39m 
[32m'IN_PROGRESS'[39m[33m,[39m rejectingManager)[33m,[39m
    [31m[1m>[22m[39m[90m 192 |[39m       )[33m.[39mtoThrow()[33m;[39m
     [90m     |[39m         [31m[1m^[22m[39m
     [90m 193 |[39m     })[33m;[39m
     [90m 194 |[39m
     [90m 195 |[39m     it([32m'should allow different manager to resolve 
escalation'[39m[33m,[39m () [33m=>[39m {[0m

      at Object.toThrow (tests/unit/utils/transitionGuard.test.ts:192:9)

  ΓùÅ State Machine Transition Guard (lib/transitionGuard.ts) ΓÇ║ Invalid 
State Transitions ΓÇ║ should prevent invalid next states

    expect(received).toThrow()

    Received function did not throw

    [0m [90m 214 |[39m
     [90m 215 |[39m       [90m// TAask cannot go from REPORTED directly to 
COMPLETED[39m
    [31m[1m>[22m[39m[90m 216 |[39m       expect(() [33m=>[39m 
validateTransition(task[33m,[39m [32m'COMPLETED'[39m[33m,[39m 
user[33m,[39m {}))[33m.[39mtoThrow()[33m;[39m
     [90m     |[39m                                                          
           [31m[1m^[22m[39m
     [90m 217 |[39m     })[33m;[39m
     [90m 218 |[39m
     [90m 219 |[39m     it([32m'should prevent backwards 
transitions'[39m[33m,[39m () [33m=>[39m {[0m

      at Object.toThrow (tests/unit/utils/transitionGuard.test.ts:216:69)

  ΓùÅ State Machine Transition Guard (lib/transitionGuard.ts) ΓÇ║ Invalid 
State Transitions ΓÇ║ should prevent invalid next states

    InvalidTransitionError: Invalid state transition: REPORTED ΓåÆ COMPLETED

    [0m [90m 79 |[39m   [36mconst[39m allowedRoles [33m=[39m 
[33mVALID_TRANSITIONS[39m[key][33m;[39m
     [90m 80 |[39m   [36mif[39m ([33m![39mallowedRoles) {
    [31m[1m>[22m[39m[90m 81 |[39m     [36mthrow[39m [36mnew[39m 
[33mInvalidTransitionError[39m(task[33m.[39mstatus[33m,[39m 
nextStatus)[33m;[39m
     [90m    |[39m           [31m[1m^[22m[39m
     [90m 82 |[39m   }
     [90m 83 |[39m
     [90m 84 |[39m   [90m// ΓöÇΓöÇ 2. Check actor role is allowed ΓöÇΓöÇΓöÇΓ
öÇΓöÇΓöÇΓöÇΓöÇΓöÇΓöÇΓöÇΓöÇΓöÇΓöÇΓöÇΓöÇΓöÇΓöÇΓöÇΓöÇΓöÇΓöÇΓöÇΓöÇΓöÇΓöÇΓöÇΓöÇΓöÇΓö
ÇΓöÇΓöÇΓöÇΓöÇΓöÇΓöÇΓöÇΓöÇ[39m[0m

      at validateTransition (src/lib/transitionGuard.ts:81:11)
      at tests/unit/utils/transitionGuard.test.ts:216:38
      at Object.<anonymous> (node_modules/expect/build/index.js:1824:9)
      at Object.throwingMatcher [as toThrow] 
(node_modules/expect/build/index.js:2235:93)
      at Object.toThrow (tests/unit/utils/transitionGuard.test.ts:216:69)

  ΓùÅ State Machine Transition Guard (lib/transitionGuard.ts) ΓÇ║ Invalid 
State Transitions ΓÇ║ should prevent backwards transitions

    expect(received).toThrow()

    Received function did not throw

    [0m [90m 222 |[39m
     [90m 223 |[39m       [90m// Cannot go from COMPLETED back to 
IN_PROGRESS[39m
    [31m[1m>[22m[39m[90m 224 |[39m       expect(() [33m=>[39m 
validateTransition(task[33m,[39m [32m'IN_PROGRESS'[39m[33m,[39m 
user[33m,[39m {}))[33m.[39mtoThrow()[33m;[39m
     [90m     |[39m                                                          
             [31m[1m^[22m[39m
     [90m 225 |[39m     })[33m;[39m
     [90m 226 |[39m
     [90m 227 |[39m     it([32m'should prevent transitions from terminal 
states'[39m[33m,[39m () [33m=>[39m {[0m

      at Object.toThrow (tests/unit/utils/transitionGuard.test.ts:224:71)

  ΓùÅ State Machine Transition Guard (lib/transitionGuard.ts) ΓÇ║ Invalid 
State Transitions ΓÇ║ should prevent backwards transitions

    InvalidTransitionError: Invalid state transition: COMPLETED ΓåÆ IN_PROGRESS

    [0m [90m 79 |[39m   [36mconst[39m allowedRoles [33m=[39m 
[33mVALID_TRANSITIONS[39m[key][33m;[39m
     [90m 80 |[39m   [36mif[39m ([33m![39mallowedRoles) {
    [31m[1m>[22m[39m[90m 81 |[39m     [36mthrow[39m [36mnew[39m 
[33mInvalidTransitionError[39m(task[33m.[39mstatus[33m,[39m 
nextStatus)[33m;[39m
     [90m    |[39m           [31m[1m^[22m[39m
     [90m 82 |[39m   }
     [90m 83 |[39m
     [90m 84 |[39m   [90m// ΓöÇΓöÇ 2. Check actor role is allowed ΓöÇΓöÇΓöÇΓ
öÇΓöÇΓöÇΓöÇΓöÇΓöÇΓöÇΓöÇΓöÇΓöÇΓöÇΓöÇΓöÇΓöÇΓöÇΓöÇΓöÇΓöÇΓöÇΓöÇΓöÇΓöÇΓöÇΓöÇΓöÇΓöÇΓö
ÇΓöÇΓöÇΓöÇΓöÇΓöÇΓöÇΓöÇΓöÇ[39m[0m

      at validateTransition (src/lib/transitionGuard.ts:81:11)
      at tests/unit/utils/transitionGuard.test.ts:224:38
      at Object.<anonymous> (node_modules/expect/build/index.js:1824:9)
      at Object.throwingMatcher [as toThrow] 
(node_modules/expect/build/index.js:2235:93)
      at Object.toThrow (tests/unit/utils/transitionGuard.test.ts:224:71)

  ΓùÅ State Machine Transition Guard (lib/transitionGuard.ts) ΓÇ║ Invalid 
State Transitions ΓÇ║ should prevent transitions from terminal states

    expect(received).toThrow()

    Received function did not throw

    [0m [90m 232 |[39m         [36mconst[39m user [33m=[39m 
mockUser([32m'MANAGER'[39m)[33m;[39m
     [90m 233 |[39m
    [31m[1m>[22m[39m[90m 234 |[39m         expect(() [33m=>[39m 
validateTransition(task[33m,[39m [32m'IN_PROGRESS'[39m[33m,[39m 
user[33m,[39m {}))[33m.[39mtoThrow()[33m;[39m
     [90m     |[39m                                                          
               [31m[1m^[22m[39m
     [90m 235 |[39m       })[33m;[39m
     [90m 236 |[39m     })[33m;[39m
     [90m 237 |[39m   })[33m;[39m[0m

      at toThrow (tests/unit/utils/transitionGuard.test.ts:234:73)
          at Array.forEach (<anonymous>)
      at Object.forEach (tests/unit/utils/transitionGuard.test.ts:230:22)

  ΓùÅ State Machine Transition Guard (lib/transitionGuard.ts) ΓÇ║ Invalid 
State Transitions ΓÇ║ should prevent transitions from terminal states

    InvalidTransitionError: Invalid state transition: CONFIRMED ΓåÆ IN_PROGRESS

    [0m [90m 79 |[39m   [36mconst[39m allowedRoles [33m=[39m 
[33mVALID_TRANSITIONS[39m[key][33m;[39m
     [90m 80 |[39m   [36mif[39m ([33m![39mallowedRoles) {
    [31m[1m>[22m[39m[90m 81 |[39m     [36mthrow[39m [36mnew[39m 
[33mInvalidTransitionError[39m(task[33m.[39mstatus[33m,[39m 
nextStatus)[33m;[39m
     [90m    |[39m           [31m[1m^[22m[39m
     [90m 82 |[39m   }
     [90m 83 |[39m
     [90m 84 |[39m   [90m// ΓöÇΓöÇ 2. Check actor role is allowed ΓöÇΓöÇΓöÇΓ
öÇΓöÇΓöÇΓöÇΓöÇΓöÇΓöÇΓöÇΓöÇΓöÇΓöÇΓöÇΓöÇΓöÇΓöÇΓöÇΓöÇΓöÇΓöÇΓöÇΓöÇΓöÇΓöÇΓöÇΓöÇΓöÇΓö
ÇΓöÇΓöÇΓöÇΓöÇΓöÇΓöÇΓöÇΓöÇ[39m[0m

      at validateTransition (src/lib/transitionGuard.ts:81:11)
      at tests/unit/utils/transitionGuard.test.ts:234:40
      at Object.<anonymous> (node_modules/expect/build/index.js:1824:9)
      at Object.throwingMatcher [as toThrow] 
(node_modules/expect/build/index.js:2235:93)
      at toThrow (tests/unit/utils/transitionGuard.test.ts:234:73)
          at Array.forEach (<anonymous>)
      at Object.forEach (tests/unit/utils/transitionGuard.test.ts:230:22)

  ΓùÅ State Machine Transition Guard (lib/transitionGuard.ts) ΓÇ║ Field 
Requirement Validation ΓÇ║ should require cancellationReason when 
transitioning to CANCELLED

    expect(received).toThrow()

    Received function did not throw

    [0m [90m 243 |[39m
     [90m 244 |[39m       [90m// Without reason[39m
    [31m[1m>[22m[39m[90m 245 |[39m       expect(() [33m=>[39m 
validateTransition(task[33m,[39m [32m'CANCELLED'[39m[33m,[39m 
user[33m,[39m {}))[33m.[39mtoThrow()[33m;[39m
     [90m     |[39m                                                          
           [31m[1m^[22m[39m
     [90m 246 |[39m
     [90m 247 |[39m       [90m// With reason[39m
     [90m 248 |[39m       expect(() [33m=>[39m[0m

      at Object.toThrow (tests/unit/utils/transitionGuard.test.ts:245:69)

  ΓùÅ State Machine Transition Guard (lib/transitionGuard.ts) ΓÇ║ Field 
Requirement Validation ΓÇ║ should require cancellationReason when 
transitioning to CANCELLED

    ValidationError: cancellationReason is required for cancellation

    [0m [90m 102 |[39m   [36mif[39m 
([33mREQUIRES_CANCELLATION_REASON[39m[33m.[39mhas(key)) {
     [90m 103 |[39m     [36mif[39m 
([33m![39mctx[33m.[39mcancellationReason[33m?[39m[33m.[39mtrim()) {
    [31m[1m>[22m[39m[90m 104 |[39m       [36mthrow[39m [36mnew[39m 
[33mValidationError[39m([32m'cancellationReason is required for 
cancellation'[39m)[33m;[39m
     [90m     |[39m             [31m[1m^[22m[39m
     [90m 105 |[39m     }
     [90m 106 |[39m   }
     [90m 107 |[39m[0m

      at validateTransition (src/lib/transitionGuard.ts:104:13)
      at tests/unit/utils/transitionGuard.test.ts:245:38
      at Object.<anonymous> (node_modules/expect/build/index.js:1824:9)
      at Object.throwingMatcher [as toThrow] 
(node_modules/expect/build/index.js:2235:93)
      at Object.toThrow (tests/unit/utils/transitionGuard.test.ts:245:69)

  ΓùÅ State Machine Transition Guard (lib/transitionGuard.ts) ΓÇ║ Field 
Requirement Validation ΓÇ║ should require rejectionReason when transitioning 
to REJECTED

    expect(received).toThrow()

    Received function did not throw

    [0m [90m 258 |[39m
     [90m 259 |[39m       [90m// Without reason[39m
    [31m[1m>[22m[39m[90m 260 |[39m       expect(() [33m=>[39m 
validateTransition(task[33m,[39m [32m'REJECTED'[39m[33m,[39m 
user[33m,[39m {}))[33m.[39mtoThrow()[33m;[39m
     [90m     |[39m                                                          
          [31m[1m^[22m[39m
     [90m 261 |[39m
     [90m 262 |[39m       [90m// With reason[39m
     [90m 263 |[39m       expect(() [33m=>[39m[0m

      at Object.toThrow (tests/unit/utils/transitionGuard.test.ts:260:68)

  ΓùÅ State Machine Transition Guard (lib/transitionGuard.ts) ΓÇ║ Field 
Requirement Validation ΓÇ║ should require rejectionReason when transitioning 
to REJECTED

    ValidationError: rejectionReason is required to reject a task

    [0m [90m 108 |[39m   [36mif[39m (key [33m===[39m 
[32m'UNDER_REVIEWΓåÆREJECTED'[39m) {
     [90m 109 |[39m     [36mif[39m 
([33m![39mctx[33m.[39mrejectionReason[33m?[39m[33m.[39mtrim()) {
    [31m[1m>[22m[39m[90m 110 |[39m       [36mthrow[39m [36mnew[39m 
[33mValidationError[39m([32m'rejectionReason is required to reject a 
task'[39m)[33m;[39m
     [90m     |[39m             [31m[1m^[22m[39m
     [90m 111 |[39m     }
     [90m 112 |[39m   }
     [90m 113 |[39m[0m

      at validateTransition (src/lib/transitionGuard.ts:110:13)
      at tests/unit/utils/transitionGuard.test.ts:260:38
      at Object.<anonymous> (node_modules/expect/build/index.js:1824:9)
      at Object.throwingMatcher [as toThrow] 
(node_modules/expect/build/index.js:2235:93)
      at Object.toThrow (tests/unit/utils/transitionGuard.test.ts:260:68)

Test Suites: 2 failed, 5 passed, 7 total
Tests:       19 failed, 142 passed, 161 total
Snapshots:   0 total
Time:        6.08 s
Ran all test suites matching tests/unit.
